2026-05-25 21:54:17 [be8] INFO · Perfil Be8 atualizado
2026-05-26 01:02:24 [be8] WARNING · HTTP retry 1/2 em 1s · https://olinda.bcb.gov.br/olinda/servico/PTAX/versao/v1/odata/CotacaoDolarDia(da… · HTTP Error 403: Forbidden
2026-05-26 01:02:25 [be8] WARNING · HTTP retry 2/2 em 2s · https://olinda.bcb.gov.br/olinda/servico/PTAX/versao/v1/odata/CotacaoDolarDia(da… · HTTP Error 403: Forbidden
2026-05-26 01:02:27 [be8] WARNING · HTTP retry 1/2 em 1s · https://olinda.bcb.gov.br/olinda/servico/PTAX/versao/v1/odata/CotacaoDolarDia(da… · HTTP Error 403: Forbidden
2026-05-26 01:02:28 [be8] WARNING · HTTP retry 2/2 em 2s · https://olinda.bcb.gov.br/olinda/servico/PTAX/versao/v1/odata/CotacaoDolarDia(da… · HTTP Error 403: Forbidden
2026-05-26 01:02:30 [be8] WARNING · HTTP retry 1/2 em 1s · https://olinda.bcb.gov.br/olinda/servico/PTAX/versao/v1/odata/CotacaoDolarDia(da… · HTTP Error 403: Forbidden
2026-05-26 01:02:31 [be8] WARNING · HTTP retry 2/2 em 2s · https://olinda.bcb.gov.br/olinda/servico/PTAX/versao/v1/odata/CotacaoDolarDia(da… · HTTP Error 403: Forbidden
2026-05-26 01:02:34 [be8] WARNING · HTTP retry 1/2 em 1s · https://olinda.bcb.gov.br/olinda/servico/PTAX/versao/v1/odata/CotacaoDolarDia(da… · HTTP Error 403: Forbidden
2026-05-26 01:02:35 [be8] WARNING · HTTP retry 2/2 em 2s · https://olinda.bcb.gov.br/olinda/servico/PTAX/versao/v1/odata/CotacaoDolarDia(da… · HTTP Error 403: Forbidden
2026-05-26 01:02:37 [be8] WARNING · HTTP retry 1/2 em 1s · https://olinda.bcb.gov.br/olinda/servico/PTAX/versao/v1/odata/CotacaoDolarDia(da… · HTTP Error 403: Forbidden
2026-05-26 01:02:38 [be8] WARNING · HTTP retry 2/2 em 2s · https://olinda.bcb.gov.br/olinda/servico/PTAX/versao/v1/odata/CotacaoDolarDia(da… · HTTP Error 403: Forbidden
2026-05-26 01:02:40 [be8] WARNING · HTTP retry 1/2 em 1s · https://olinda.bcb.gov.br/olinda/servico/PTAX/versao/v1/odata/CotacaoDolarDia(da… · HTTP Error 403: Forbidden
2026-05-26 01:02:41 [be8] WARNING · HTTP retry 2/2 em 2s · https://olinda.bcb.gov.br/olinda/servico/PTAX/versao/v1/odata/CotacaoDolarDia(da… · HTTP Error 403: Forbidden
2026-05-26 01:02:43 [be8] WARNING · HTTP retry 1/2 em 1s · https://olinda.bcb.gov.br/olinda/servico/PTAX/versao/v1/odata/CotacaoDolarDia(da… · HTTP Error 403: Forbidden
2026-05-26 01:02:44 [be8] WARNING · HTTP retry 2/2 em 2s · https://olinda.bcb.gov.br/olinda/servico/PTAX/versao/v1/odata/CotacaoDolarDia(da… · HTTP Error 403: Forbidden
2026-05-26 01:02:46 [be8] WARNING · HTTP retry 1/2 em 1s · https://olinda.bcb.gov.br/olinda/servico/PTAX/versao/v1/odata/CotacaoDolarDia(da… · HTTP Error 403: Forbidden
2026-05-26 01:02:47 [be8] WARNING · HTTP retry 2/2 em 2s · https://olinda.bcb.gov.br/olinda/servico/PTAX/versao/v1/odata/CotacaoDolarDia(da… · HTTP Error 403: Forbidden
2026-05-26 01:02:49 [be8] WARNING · HTTP retry 1/2 em 1s · https://olinda.bcb.gov.br/olinda/servico/PTAX/versao/v1/odata/CotacaoDolarDia(da… · HTTP Error 403: Forbidden
2026-05-26 01:02:50 [be8] WARNING · HTTP retry 2/2 em 2s · https://olinda.bcb.gov.br/olinda/servico/PTAX/versao/v1/odata/CotacaoDolarDia(da… · HTTP Error 403: Forbidden
2026-05-26 01:02:52 [be8] WARNING · HTTP retry 1/2 em 1s · https://olinda.bcb.gov.br/olinda/servico/PTAX/versao/v1/odata/CotacaoDolarDia(da… · HTTP Error 403: Forbidden
2026-05-26 01:02:53 [be8] WARNING · HTTP retry 2/2 em 2s · https://olinda.bcb.gov.br/olinda/servico/PTAX/versao/v1/odata/CotacaoDolarDia(da… · HTTP Error 403: Forbidden
2026-05-26 02:01:45 [be8] INFO · Perfil Be8 atualizado
2026-05-26 02:01:51 [be8] WARNING · HTTP retry 1/3 em 1s · https://portaldeinformacoes.conab.gov.br/downloads/arquivos/SerieHistoricaGraos.… · HTTP Error 403: Forbidden
2026-05-26 02:01:52 [be8] WARNING · HTTP retry 2/3 em 2s · https://portaldeinformacoes.conab.gov.br/downloads/arquivos/SerieHistoricaGraos.… · HTTP Error 403: Forbidden
2026-05-26 02:01:54 [be8] WARNING · HTTP retry 3/3 em 4s · https://portaldeinformacoes.conab.gov.br/downloads/arquivos/SerieHistoricaGraos.… · HTTP Error 403: Forbidden
2026-05-26 02:01:58 [be8] WARNING · CONAB · download falhou: HTTP falhou após 3 tentativas: HTTP Error 403: Forbidden
2026-05-26 02:01:58 [be8] INFO · CONAB · fallback embutido aplicado · 32 registros
2026-05-26 02:02:06 [be8] WARNING · HTTP retry 1/3 em 1s · https://www.gov.br/anp/pt-br/centrais-de-conteudo/dados-estatisticos… · HTTP Error 403: Forbidden
2026-05-26 02:02:07 [be8] WARNING · HTTP retry 2/3 em 2s · https://www.gov.br/anp/pt-br/centrais-de-conteudo/dados-estatisticos… · HTTP Error 403: Forbidden
2026-05-26 02:02:09 [be8] WARNING · HTTP retry 3/3 em 4s · https://www.gov.br/anp/pt-br/centrais-de-conteudo/dados-estatisticos… · HTTP Error 403: Forbidden
2026-05-26 02:02:13 [be8] WARNING · HTTP retry 1/3 em 1s · https://www.gov.br/anp/pt-br/centrais-de-conteudo/dados-abertos… · HTTP Error 403: Forbidden
2026-05-26 02:02:14 [be8] WARNING · HTTP retry 2/3 em 2s · https://www.gov.br/anp/pt-br/centrais-de-conteudo/dados-abertos… · HTTP Error 403: Forbidden
2026-05-26 02:02:16 [be8] WARNING · HTTP retry 3/3 em 4s · https://www.gov.br/anp/pt-br/centrais-de-conteudo/dados-abertos… · HTTP Error 403: Forbidden
2026-05-26 02:02:20 [be8] WARNING · HTTP retry 1/3 em 1s · https://www.gov.br/anp/pt-br/assuntos/producao-e-fornecimento-de-biocombustiveis… · HTTP Error 403: Forbidden
2026-05-26 02:02:21 [be8] WARNING · HTTP retry 2/3 em 2s · https://www.gov.br/anp/pt-br/assuntos/producao-e-fornecimento-de-biocombustiveis… · HTTP Error 403: Forbidden
2026-05-26 02:02:23 [be8] WARNING · HTTP retry 3/3 em 4s · https://www.gov.br/anp/pt-br/assuntos/producao-e-fornecimento-de-biocombustiveis… · HTTP Error 403: Forbidden
2026-05-26 02:02:27 [be8] INFO · ANP B100 · nenhuma planilha mensal descoberta
2026-05-26 02:02:27 [be8] INFO · ANP B100 · snapshot aplicado · 13 produtores
2026-05-26 02:02:27 [be8] WARNING · HTTP retry 1/3 em 1s · https://apisidra.ibge.gov.br/values/t/1612/n3/all/v/214/p/last%201/c81/2713… · HTTP Error 403: Forbidden
2026-05-26 02:02:28 [be8] WARNING · HTTP retry 2/3 em 2s · https://apisidra.ibge.gov.br/values/t/1612/n3/all/v/214/p/last%201/c81/2713… · HTTP Error 403: Forbidden
2026-05-26 02:02:30 [be8] WARNING · HTTP retry 3/3 em 4s · https://apisidra.ibge.gov.br/values/t/1612/n3/all/v/214/p/last%201/c81/2713… · HTTP Error 403: Forbidden
2026-05-26 02:02:34 [be8] WARNING · SIDRA c81=2713: HTTP falhou após 3 tentativas: HTTP Error 403: Forbidden
2026-05-26 02:02:34 [be8] WARNING · HTTP retry 1/3 em 1s · https://apisidra.ibge.gov.br/values/t/1612/n3/all/v/214/p/last%201/c81/2711… · HTTP Error 403: Forbidden
2026-05-26 02:02:35 [be8] WARNING · HTTP retry 2/3 em 2s · https://apisidra.ibge.gov.br/values/t/1612/n3/all/v/214/p/last%201/c81/2711… · HTTP Error 403: Forbidden
2026-05-26 02:02:37 [be8] WARNING · HTTP retry 3/3 em 4s · https://apisidra.ibge.gov.br/values/t/1612/n3/all/v/214/p/last%201/c81/2711… · HTTP Error 403: Forbidden
2026-05-26 02:02:41 [be8] WARNING · SIDRA c81=2711: HTTP falhou após 3 tentativas: HTTP Error 403: Forbidden
2026-05-26 02:02:41 [be8] WARNING · HTTP retry 1/3 em 1s · https://apisidra.ibge.gov.br/values/t/1612/n3/all/v/214/p/last%201/c81/109276… · HTTP Error 403: Forbidden
2026-05-26 02:02:42 [be8] WARNING · HTTP retry 2/3 em 2s · https://apisidra.ibge.gov.br/values/t/1612/n3/all/v/214/p/last%201/c81/109276… · HTTP Error 403: Forbidden
2026-05-26 02:02:44 [be8] WARNING · HTTP retry 3/3 em 4s · https://apisidra.ibge.gov.br/values/t/1612/n3/all/v/214/p/last%201/c81/109276… · HTTP Error 403: Forbidden
2026-05-26 02:02:48 [be8] WARNING · SIDRA c81=109276: HTTP falhou após 3 tentativas: HTTP Error 403: Forbidden
2026-05-26 02:02:48 [be8] WARNING · HTTP retry 1/3 em 1s · https://apisidra.ibge.gov.br/values/t/1612/n3/all/v/214/p/last%201/c81/2716… · HTTP Error 403: Forbidden
2026-05-26 02:02:50 [be8] WARNING · HTTP retry 2/3 em 2s · https://apisidra.ibge.gov.br/values/t/1612/n3/all/v/214/p/last%201/c81/2716… · HTTP Error 403: Forbidden
2026-05-26 02:02:52 [be8] WARNING · HTTP retry 3/3 em 4s · https://apisidra.ibge.gov.br/values/t/1612/n3/all/v/214/p/last%201/c81/2716… · HTTP Error 403: Forbidden
2026-05-26 02:02:56 [be8] WARNING · SIDRA c81=2716: HTTP falhou após 3 tentativas: HTTP Error 403: Forbidden
2026-05-26 02:02:56 [be8] WARNING · SIDRA · todas as culturas falharam · usando fallback embutido
